module None
object q_empty
enum QType
    prefix QTYPE
    member none
    member qnull
    member qnum
    member qstring
    member qdict
    member qlist
    member qbool
module doc-bad-section.json
enum Enum
    member one
    member two
doc symbol=Enum
    body=
== Produces *invalid* texinfo
    arg=one
The _one_ {and only}
    arg=two

    section=None
@two is undocumented
