.........................
----------------------------------------------------------------------
Ran 25 tests

OK
