...........................................
----------------------------------------------------------------------
Ran 43 tests

OK
