........................................................................................
----------------------------------------------------------------------
Ran 88 tests

OK
