QA output created by 094
Formatting 'TEST_DIR/t.IMGFMT', fmt=IMGFMT size=67108864
Formatting 'TEST_DIR/source.IMGFMT', fmt=IMGFMT size=67108864
{"return": {}}
{"timestamp": {"seconds":  TIMESTAMP, "microseconds":  TIMESTAMP}, "event": "JOB_STATUS_CHANGE", "data": {"status": "created", "id": "src"}}
{"timestamp": {"seconds":  TIMESTAMP, "microseconds":  TIMESTAMP}, "event": "JOB_STATUS_CHANGE", "data": {"status": "running", "id": "src"}}
{"return": {}}
{"timestamp": {"seconds":  TIMESTAMP, "microseconds":  TIMESTAMP}, "event": "JOB_STATUS_CHANGE", "data": {"status": "ready", "id": "src"}}
{"timestamp": {"seconds":  TIMESTAMP, "microseconds":  TIMESTAMP}, "event": "BLOCK_JOB_READY", "data": {"device": "src", "len": 67108864, "offset": 67108864, "speed": 0, "type": "mirror"}}
{"return": {}}
{"timestamp": {"seconds":  TIMESTAMP, "microseconds":  TIMESTAMP}, "event": "JOB_STATUS_CHANGE", "data": {"status": "waiting", "id": "src"}}
{"timestamp": {"seconds":  TIMESTAMP, "microseconds":  TIMESTAMP}, "event": "JOB_STATUS_CHANGE", "data": {"status": "pending", "id": "src"}}
{"timestamp": {"seconds":  TIMESTAMP, "microseconds":  TIMESTAMP}, "event": "BLOCK_JOB_COMPLETED", "data": {"device": "src", "len": 67108864, "offset": 67108864, "speed": 0, "type": "mirror"}}
{"timestamp": {"seconds":  TIMESTAMP, "microseconds":  TIMESTAMP}, "event": "JOB_STATUS_CHANGE", "data": {"status": "concluded", "id": "src"}}
{"timestamp": {"seconds":  TIMESTAMP, "microseconds":  TIMESTAMP}, "event": "JOB_STATUS_CHANGE", "data": {"status": "null", "id": "src"}}
{"return": {}}
{"timestamp": {"seconds":  TIMESTAMP, "microseconds":  TIMESTAMP}, "event": "SHUTDOWN", "data": {"guest": false, "reason": "host-qmp-quit"}}
*** done
