QA output created by 127
Formatting 'TEST_DIR/t.IMGFMT', fmt=IMGFMT size=65536
Formatting 'TEST_DIR/t.IMGFMT.overlay0', fmt=IMGFMT size=65536 backing_file=TEST_DIR/t.IMGFMT
Formatting 'TEST_DIR/t.IMGFMT.overlay1', fmt=IMGFMT size=65536 backing_file=TEST_DIR/t.IMGFMT
wrote 42/42 bytes at offset 0
42 bytes, X ops; XX:XX:XX.X (XXX YYY/sec and XXX ops/sec)
{"return": {}}
{"timestamp": {"seconds":  TIMESTAMP, "microseconds":  TIMESTAMP}, "event": "JOB_STATUS_CHANGE", "data": {"status": "created", "id": "mirror"}}
{"timestamp": {"seconds":  TIMESTAMP, "microseconds":  TIMESTAMP}, "event": "JOB_STATUS_CHANGE", "data": {"status": "running", "id": "mirror"}}
{"return": {}}
{"timestamp": {"seconds":  TIMESTAMP, "microseconds":  TIMESTAMP}, "event": "JOB_STATUS_CHANGE", "data": {"status": "ready", "id": "mirror"}}
{"timestamp": {"seconds":  TIMESTAMP, "microseconds":  TIMESTAMP}, "event": "BLOCK_JOB_READY", "data": {"device": "mirror", "len": 65536, "offset": 65536, "speed": 0, "type": "mirror"}}
{"return": {}}
{"timestamp": {"seconds":  TIMESTAMP, "microseconds":  TIMESTAMP}, "event": "JOB_STATUS_CHANGE", "data": {"status": "waiting", "id": "mirror"}}
{"timestamp": {"seconds":  TIMESTAMP, "microseconds":  TIMESTAMP}, "event": "JOB_STATUS_CHANGE", "data": {"status": "pending", "id": "mirror"}}
{"timestamp": {"seconds":  TIMESTAMP, "microseconds":  TIMESTAMP}, "event": "BLOCK_JOB_COMPLETED", "data": {"device": "mirror", "len": 65536, "offset": 65536, "speed": 0, "type": "mirror"}}
{"timestamp": {"seconds":  TIMESTAMP, "microseconds":  TIMESTAMP}, "event": "JOB_STATUS_CHANGE", "data": {"status": "concluded", "id": "mirror"}}
{"timestamp": {"seconds":  TIMESTAMP, "microseconds":  TIMESTAMP}, "event": "JOB_STATUS_CHANGE", "data": {"status": "null", "id": "mirror"}}
{"return": {}}
{"timestamp": {"seconds":  TIMESTAMP, "microseconds":  TIMESTAMP}, "event": "SHUTDOWN", "data": {"guest": false, "reason": "host-qmp-quit"}}
*** done
