....................
----------------------------------------------------------------------
Ran 20 tests

OK
