QA output created by 183
Formatting 'TEST_DIR/t.IMGFMT', fmt=IMGFMT size=67108864
Formatting 'TEST_DIR/t.IMGFMT.dest', fmt=IMGFMT size=67108864

=== Starting VMs ===

{"return": {}}
{"return": {}}

=== Write something on the source ===

wrote 65536/65536 bytes at offset 0
64 KiB, X ops; XX:XX:XX.X (XXX YYY/sec and XXX ops/sec)
{"return": ""}
read 65536/65536 bytes at offset 0
64 KiB, X ops; XX:XX:XX.X (XXX YYY/sec and XXX ops/sec)
{"return": ""}

=== Do block migration to destination ===

{"return": {}}
{"return": {"status": "postmigrate", "singlestep": false, "running": false}}

=== Do some I/O on the destination ===

{"timestamp": {"seconds":  TIMESTAMP, "microseconds":  TIMESTAMP}, "event": "RESUME"}
{"return": {"status": "running", "singlestep": false, "running": true}}
read 65536/65536 bytes at offset 0
64 KiB, X ops; XX:XX:XX.X (XXX YYY/sec and XXX ops/sec)
{"return": ""}
wrote 65536/65536 bytes at offset 1048576
64 KiB, X ops; XX:XX:XX.X (XXX YYY/sec and XXX ops/sec)
{"return": ""}

=== Shut down and check image ===

{"return": {}}
{"return": {}}
{"timestamp": {"seconds":  TIMESTAMP, "microseconds":  TIMESTAMP}, "event": "SHUTDOWN", "data": {"guest": false, "reason": "host-qmp-quit"}}
{"timestamp": {"seconds":  TIMESTAMP, "microseconds":  TIMESTAMP}, "event": "SHUTDOWN", "data": {"guest": false, "reason": "host-qmp-quit"}}
No errors were found on the image.
No errors were found on the image.
wrote 65536/65536 bytes at offset 1048576
64 KiB, X ops; XX:XX:XX.X (XXX YYY/sec and XXX ops/sec)
Images are identical.
*** done
