QA output created by 185
Formatting 'TEST_DIR/t.IMGFMT.base', fmt=IMGFMT size=67108864

=== Starting VM ===

{"return": {}}

=== Creating backing chain ===

Formatting 'TEST_DIR/t.qcow2.mid', fmt=qcow2 size=67108864 backing_file=TEST_DIR/t.qcow2.base backing_fmt=qcow2 cluster_size=65536 lazy_refcounts=off refcount_bits=16
{"return": {}}
wrote 4194304/4194304 bytes at offset 0
4 MiB, X ops; XX:XX:XX.X (XXX YYY/sec and XXX ops/sec)
{"return": ""}
Formatting 'TEST_DIR/t.qcow2', fmt=qcow2 size=67108864 backing_file=TEST_DIR/t.qcow2.mid backing_fmt=qcow2 cluster_size=65536 lazy_refcounts=off refcount_bits=16
{"return": {}}

=== Start commit job and exit qemu ===

{"timestamp": {"seconds":  TIMESTAMP, "microseconds":  TIMESTAMP}, "event": "JOB_STATUS_CHANGE", "data": {"status": "created", "id": "disk"}}
{"timestamp": {"seconds":  TIMESTAMP, "microseconds":  TIMESTAMP}, "event": "JOB_STATUS_CHANGE", "data": {"status": "running", "id": "disk"}}
{"return": {}}
{"return": {}}
{"timestamp": {"seconds":  TIMESTAMP, "microseconds":  TIMESTAMP}, "event": "SHUTDOWN", "data": {"guest": false, "reason": "host-qmp-quit"}}
{"timestamp": {"seconds":  TIMESTAMP, "microseconds":  TIMESTAMP}, "event": "BLOCK_JOB_CANCELLED", "data": {"device": "disk", "len": 67108864, "offset": 524288, "speed": 65536, "type": "commit"}}

=== Start active commit job and exit qemu ===

{"return": {}}
{"timestamp": {"seconds":  TIMESTAMP, "microseconds":  TIMESTAMP}, "event": "JOB_STATUS_CHANGE", "data": {"status": "created", "id": "disk"}}
{"timestamp": {"seconds":  TIMESTAMP, "microseconds":  TIMESTAMP}, "event": "JOB_STATUS_CHANGE", "data": {"status": "running", "id": "disk"}}
{"return": {}}
{"return": {}}
{"timestamp": {"seconds":  TIMESTAMP, "microseconds":  TIMESTAMP}, "event": "SHUTDOWN", "data": {"guest": false, "reason": "host-qmp-quit"}}
{"timestamp": {"seconds":  TIMESTAMP, "microseconds":  TIMESTAMP}, "event": "BLOCK_JOB_CANCELLED", "data": {"device": "disk", "len": 4194304, "offset": 4194304, "speed": 65536, "type": "commit"}}

=== Start mirror job and exit qemu ===

{"return": {}}
Formatting 'TEST_DIR/t.qcow2.copy', fmt=qcow2 size=67108864 cluster_size=65536 lazy_refcounts=off refcount_bits=16
{"timestamp": {"seconds":  TIMESTAMP, "microseconds":  TIMESTAMP}, "event": "JOB_STATUS_CHANGE", "data": {"status": "created", "id": "disk"}}
{"timestamp": {"seconds":  TIMESTAMP, "microseconds":  TIMESTAMP}, "event": "JOB_STATUS_CHANGE", "data": {"status": "running", "id": "disk"}}
{"return": {}}
{"return": {}}
{"timestamp": {"seconds":  TIMESTAMP, "microseconds":  TIMESTAMP}, "event": "SHUTDOWN", "data": {"guest": false, "reason": "host-qmp-quit"}}
{"timestamp": {"seconds":  TIMESTAMP, "microseconds":  TIMESTAMP}, "event": "BLOCK_JOB_CANCELLED", "data": {"device": "disk", "len": 4194304, "offset": 4194304, "speed": 65536, "type": "mirror"}}

=== Start backup job and exit qemu ===

{"return": {}}
Formatting 'TEST_DIR/t.qcow2.copy', fmt=qcow2 size=67108864 cluster_size=65536 lazy_refcounts=off refcount_bits=16
{"timestamp": {"seconds":  TIMESTAMP, "microseconds":  TIMESTAMP}, "event": "JOB_STATUS_CHANGE", "data": {"status": "created", "id": "disk"}}
{"timestamp": {"seconds":  TIMESTAMP, "microseconds":  TIMESTAMP}, "event": "JOB_STATUS_CHANGE", "data": {"status": "running", "id": "disk"}}
{"return": {}}
{"return": {}}
{"timestamp": {"seconds":  TIMESTAMP, "microseconds":  TIMESTAMP}, "event": "SHUTDOWN", "data": {"guest": false, "reason": "host-qmp-quit"}}
{"timestamp": {"seconds":  TIMESTAMP, "microseconds":  TIMESTAMP}, "event": "BLOCK_JOB_CANCELLED", "data": {"device": "disk", "len": 67108864, "offset": 65536, "speed": 65536, "type": "backup"}}

=== Start streaming job and exit qemu ===

{"return": {}}
{"timestamp": {"seconds":  TIMESTAMP, "microseconds":  TIMESTAMP}, "event": "JOB_STATUS_CHANGE", "data": {"status": "created", "id": "disk"}}
{"timestamp": {"seconds":  TIMESTAMP, "microseconds":  TIMESTAMP}, "event": "JOB_STATUS_CHANGE", "data": {"status": "running", "id": "disk"}}
{"return": {}}
{"return": {}}
{"timestamp": {"seconds":  TIMESTAMP, "microseconds":  TIMESTAMP}, "event": "SHUTDOWN", "data": {"guest": false, "reason": "host-qmp-quit"}}
{"timestamp": {"seconds":  TIMESTAMP, "microseconds":  TIMESTAMP}, "event": "BLOCK_JOB_CANCELLED", "data": {"device": "disk", "len": 67108864, "offset": 524288, "speed": 65536, "type": "stream"}}
No errors were found on the image.
*** done
