QA output created by 229
Formatting 'TEST_DIR/b.IMGFMT', fmt=IMGFMT size=2097152
Formatting 'TEST_DIR/d.IMGFMT', fmt=IMGFMT size=1048576
wrote 2097152/2097152 bytes at offset 0
2 MiB, X ops; XX:XX:XX.X (XXX YYY/sec and XXX ops/sec)
{"return": {}}

=== Starting drive-mirror, causing error & stop  ===

{"timestamp": {"seconds":  TIMESTAMP, "microseconds":  TIMESTAMP}, "event": "JOB_STATUS_CHANGE", "data": {"status": "created", "id": "testdisk"}}
{"timestamp": {"seconds":  TIMESTAMP, "microseconds":  TIMESTAMP}, "event": "JOB_STATUS_CHANGE", "data": {"status": "running", "id": "testdisk"}}
{"return": {}}
{"timestamp": {"seconds":  TIMESTAMP, "microseconds":  TIMESTAMP}, "event": "BLOCK_JOB_ERROR", "data": {"device": "testdisk", "operation": "write", "action": "stop"}}
{"timestamp": {"seconds":  TIMESTAMP, "microseconds":  TIMESTAMP}, "event": "JOB_STATUS_CHANGE", "data": {"status": "paused", "id": "testdisk"}}

=== Force cancel job paused in error state  ===

{"timestamp": {"seconds":  TIMESTAMP, "microseconds":  TIMESTAMP}, "event": "JOB_STATUS_CHANGE", "data": {"status": "running", "id": "testdisk"}}
{"return": {}}
{"timestamp": {"seconds":  TIMESTAMP, "microseconds":  TIMESTAMP}, "event": "JOB_STATUS_CHANGE", "data": {"status": "aborting", "id": "testdisk"}}
{"timestamp": {"seconds":  TIMESTAMP, "microseconds":  TIMESTAMP}, "event": "BLOCK_JOB_CANCELLED", "data": {"device": "testdisk", "len": 2097152, "offset": 1048576, "speed": 0, "type": "mirror"}}
*** done
