QA output created by 231
qemu-img: RBD options encoded in the filename as keyvalue pairs is deprecated.  Future versions may cease to parse these options in the future.
unable to get monitor info from DNS SRV with service name: ceph-mon
no monitors specified to connect to.
qemu-img: Could not open 'json:{'file.driver':'rbd','file.filename':'rbd:rbd/bogus:conf=BOGUS_CONF'}': error connecting: No such file or directory
unable to get monitor info from DNS SRV with service name: ceph-mon
no monitors specified to connect to.
qemu-img: Could not open 'json:{'file.driver':'rbd','file.pool':'rbd','file.image':'bogus','file.conf':'BOGUS_CONF'}': error connecting: No such file or directory
*** done
