..................
----------------------------------------------------------------------
Ran 18 tests

OK
